// Jest Snapshot v1, https://goo.gl/fbAQLP

exports[`CardButton renders CardButton without crashing 1`] = `
ShallowWrapper {
  Symbol(enzyme.__root__): [Circular],
  Symbol(enzyme.__unrendered__): <CardButton
    classes={
      Object {
        "card_button": "CardButton-card_button-1",
      }
    }
    isCardButtonDisabled={true}
    label=""
    path=""
  />,
  Symbol(enzyme.__renderer__): Object {
    "batchedUpdates": [Function],
    "getNode": [Function],
    "render": [Function],
    "simulateError": [Function],
    "simulateEvent": [Function],
    "unmount": [Function],
  },
  Symbol(enzyme.__node__): Object {
    "instance": null,
    "key": undefined,
    "nodeType": "class",
    "props": Object {
      "children": <WithStyles(Button)
        className="CardButton-card_button-1"
        color="primary"
        disabled={true}
        size="large"
        variant="contained"
      >
        
      </WithStyles(Button)>,
      "className": "link disable-link",
      "replace": false,
      "to": "",
    },
    "ref": null,
    "rendered": Object {
      "instance": null,
      "key": undefined,
      "nodeType": "class",
      "props": Object {
        "children": "",
        "className": "CardButton-card_button-1",
        "color": "primary",
        "disabled": true,
        "size": "large",
        "variant": "contained",
      },
      "ref": null,
      "rendered": "",
      "type": [Function],
    },
    "type": [Function],
  },
  Symbol(enzyme.__nodes__): Array [
    Object {
      "instance": null,
      "key": undefined,
      "nodeType": "class",
      "props": Object {
        "children": <WithStyles(Button)
          className="CardButton-card_button-1"
          color="primary"
          disabled={true}
          size="large"
          variant="contained"
        >
          
        </WithStyles(Button)>,
        "className": "link disable-link",
        "replace": false,
        "to": "",
      },
      "ref": null,
      "rendered": Object {
        "instance": null,
        "key": undefined,
        "nodeType": "class",
        "props": Object {
          "children": "",
          "className": "CardButton-card_button-1",
          "color": "primary",
          "disabled": true,
          "size": "large",
          "variant": "contained",
        },
        "ref": null,
        "rendered": "",
        "type": [Function],
      },
      "type": [Function],
    },
  ],
  Symbol(enzyme.__options__): Object {
    "adapter": ReactSixteenAdapter {
      "options": Object {
        "enableComponentDidUpdateOnSetState": true,
        "lifecycles": Object {
          "componentDidUpdate": Object {
            "onSetState": true,
          },
          "getDerivedStateFromProps": true,
          "getSnapshotBeforeUpdate": true,
          "setState": Object {
            "skipsComponentDidUpdateOnNullish": true,
          },
        },
      },
    },
  },
}
`;
