// Jest Snapshot v1, https://goo.gl/fbAQLP

exports[`AddressCard renders AddressCard without crashing 1`] = `
ShallowWrapper {
  Symbol(enzyme.__root__): [Circular],
  Symbol(enzyme.__unrendered__): <AddressCard
    classes={
      Object {
        "address_card": "AddressCard-address_card-1",
        "address_card_content": "AddressCard-address_card_content-2",
        "address_title": "AddressCard-address_title-3",
        "typography_media_query": "AddressCard-typography_media_query-4",
      }
    }
  />,
  Symbol(enzyme.__renderer__): Object {
    "batchedUpdates": [Function],
    "getNode": [Function],
    "render": [Function],
    "simulateError": [Function],
    "simulateEvent": [Function],
    "unmount": [Function],
  },
  Symbol(enzyme.__node__): Object {
    "instance": null,
    "key": undefined,
    "nodeType": "class",
    "props": Object {
      "children": <WithStyles(CardContent)
        className="AddressCard-address_card_content-2"
      >
        <WithStyles(Typography)
          className="AddressCard-typography_media_query-4 AddressCard-address_title-3"
          variant="h5"
        >
          Address
        </WithStyles(Typography)>
        <Connect(AddressInput) />
        <Connect(AddressInput) />
        <WithStyles(CardActions)>
          <Connect(WithStyles(CardButton)) />
        </WithStyles(CardActions)>
      </WithStyles(CardContent)>,
      "className": "AddressCard-address_card-1",
    },
    "ref": null,
    "rendered": Object {
      "instance": null,
      "key": undefined,
      "nodeType": "class",
      "props": Object {
        "children": Array [
          <WithStyles(Typography)
            className="AddressCard-typography_media_query-4 AddressCard-address_title-3"
            variant="h5"
          >
            Address
          </WithStyles(Typography)>,
          <Connect(AddressInput) />,
          <Connect(AddressInput) />,
          <WithStyles(CardActions)>
            <Connect(WithStyles(CardButton)) />
          </WithStyles(CardActions)>,
        ],
        "className": "AddressCard-address_card_content-2",
      },
      "ref": null,
      "rendered": Array [
        Object {
          "instance": null,
          "key": undefined,
          "nodeType": "class",
          "props": Object {
            "children": "Address",
            "className": "AddressCard-typography_media_query-4 AddressCard-address_title-3",
            "variant": "h5",
          },
          "ref": null,
          "rendered": "Address",
          "type": [Function],
        },
        Object {
          "instance": null,
          "key": undefined,
          "nodeType": "class",
          "props": Object {},
          "ref": null,
          "rendered": null,
          "type": [Function],
        },
        Object {
          "instance": null,
          "key": undefined,
          "nodeType": "class",
          "props": Object {},
          "ref": null,
          "rendered": null,
          "type": [Function],
        },
        Object {
          "instance": null,
          "key": undefined,
          "nodeType": "class",
          "props": Object {
            "children": <Connect(WithStyles(CardButton)) />,
          },
          "ref": null,
          "rendered": Object {
            "instance": null,
            "key": undefined,
            "nodeType": "class",
            "props": Object {},
            "ref": null,
            "rendered": null,
            "type": [Function],
          },
          "type": [Function],
        },
      ],
      "type": [Function],
    },
    "type": [Function],
  },
  Symbol(enzyme.__nodes__): Array [
    Object {
      "instance": null,
      "key": undefined,
      "nodeType": "class",
      "props": Object {
        "children": <WithStyles(CardContent)
          className="AddressCard-address_card_content-2"
        >
          <WithStyles(Typography)
            className="AddressCard-typography_media_query-4 AddressCard-address_title-3"
            variant="h5"
          >
            Address
          </WithStyles(Typography)>
          <Connect(AddressInput) />
          <Connect(AddressInput) />
          <WithStyles(CardActions)>
            <Connect(WithStyles(CardButton)) />
          </WithStyles(CardActions)>
        </WithStyles(CardContent)>,
        "className": "AddressCard-address_card-1",
      },
      "ref": null,
      "rendered": Object {
        "instance": null,
        "key": undefined,
        "nodeType": "class",
        "props": Object {
          "children": Array [
            <WithStyles(Typography)
              className="AddressCard-typography_media_query-4 AddressCard-address_title-3"
              variant="h5"
            >
              Address
            </WithStyles(Typography)>,
            <Connect(AddressInput) />,
            <Connect(AddressInput) />,
            <WithStyles(CardActions)>
              <Connect(WithStyles(CardButton)) />
            </WithStyles(CardActions)>,
          ],
          "className": "AddressCard-address_card_content-2",
        },
        "ref": null,
        "rendered": Array [
          Object {
            "instance": null,
            "key": undefined,
            "nodeType": "class",
            "props": Object {
              "children": "Address",
              "className": "AddressCard-typography_media_query-4 AddressCard-address_title-3",
              "variant": "h5",
            },
            "ref": null,
            "rendered": "Address",
            "type": [Function],
          },
          Object {
            "instance": null,
            "key": undefined,
            "nodeType": "class",
            "props": Object {},
            "ref": null,
            "rendered": null,
            "type": [Function],
          },
          Object {
            "instance": null,
            "key": undefined,
            "nodeType": "class",
            "props": Object {},
            "ref": null,
            "rendered": null,
            "type": [Function],
          },
          Object {
            "instance": null,
            "key": undefined,
            "nodeType": "class",
            "props": Object {
              "children": <Connect(WithStyles(CardButton)) />,
            },
            "ref": null,
            "rendered": Object {
              "instance": null,
              "key": undefined,
              "nodeType": "class",
              "props": Object {},
              "ref": null,
              "rendered": null,
              "type": [Function],
            },
            "type": [Function],
          },
        ],
        "type": [Function],
      },
      "type": [Function],
    },
  ],
  Symbol(enzyme.__options__): Object {
    "adapter": ReactSixteenAdapter {
      "options": Object {
        "enableComponentDidUpdateOnSetState": true,
        "lifecycles": Object {
          "componentDidUpdate": Object {
            "onSetState": true,
          },
          "getDerivedStateFromProps": true,
          "getSnapshotBeforeUpdate": true,
          "setState": Object {
            "skipsComponentDidUpdateOnNullish": true,
          },
        },
      },
    },
  },
}
`;
