// Jest Snapshot v1, https://goo.gl/fbAQLP

exports[`AddressInput renders AddressInput without crashing 1`] = `
ShallowWrapper {
  Symbol(enzyme.__root__): [Circular],
  Symbol(enzyme.__unrendered__): <AddressInput
    geocoded_address=""
    isAddressValid={true}
    label=""
    onBlur={[Function]}
    onChange={[Function]}
  />,
  Symbol(enzyme.__renderer__): Object {
    "batchedUpdates": [Function],
    "getNode": [Function],
    "render": [Function],
    "simulateError": [Function],
    "simulateEvent": [Function],
    "unmount": [Function],
  },
  Symbol(enzyme.__node__): Object {
    "instance": null,
    "key": undefined,
    "nodeType": "class",
    "props": Object {
      "className": "address-input",
      "error": false,
      "fullWidth": true,
      "helperText": "",
      "id": " Address",
      "label": "",
      "margin": "normal",
      "onBlur": [Function],
      "onChange": [Function],
      "required": false,
      "select": false,
      "type": "search",
      "variant": "standard",
    },
    "ref": null,
    "rendered": null,
    "type": [Function],
  },
  Symbol(enzyme.__nodes__): Array [
    Object {
      "instance": null,
      "key": undefined,
      "nodeType": "class",
      "props": Object {
        "className": "address-input",
        "error": false,
        "fullWidth": true,
        "helperText": "",
        "id": " Address",
        "label": "",
        "margin": "normal",
        "onBlur": [Function],
        "onChange": [Function],
        "required": false,
        "select": false,
        "type": "search",
        "variant": "standard",
      },
      "ref": null,
      "rendered": null,
      "type": [Function],
    },
  ],
  Symbol(enzyme.__options__): Object {
    "adapter": ReactSixteenAdapter {
      "options": Object {
        "enableComponentDidUpdateOnSetState": true,
        "lifecycles": Object {
          "componentDidUpdate": Object {
            "onSetState": true,
          },
          "getDerivedStateFromProps": true,
          "getSnapshotBeforeUpdate": true,
          "setState": Object {
            "skipsComponentDidUpdateOnNullish": true,
          },
        },
      },
    },
  },
}
`;
